// Jest Snapshot v1, https://goo.gl/fbAQLP

exports[`Badge snapshot 1`] = `
<div
  className="demo-container"
>
  <h3>
    基础红点
  </h3>
  <div
    className="badge-container"
  >
    <Badge
      bubble={false}
      dot={true}
      overflowCount={99}
      placement="right"
      stroke={false}
    />
    <Badge
      bubble={false}
      dot={false}
      overflowCount={99}
      placement="right"
      stroke={false}
      text={100}
    />
    <Badge
      bubble={false}
      dot={false}
      overflowCount={99}
      placement="right"
      stroke={false}
      text="99"
    />
    <Badge
      bubble={true}
      dot={false}
      overflowCount={99}
      placement="left"
      stroke={false}
      text="新气泡"
    />
  </div>
  <h3>
    数字红点
  </h3>
  <div
    className="badge-container"
  >
    <Badge
      bubble={false}
      dot={true}
      overflowCount={99}
      placement="right"
      stroke={false}
    >
      <div
        className="number-cover"
      />
    </Badge>
    <Badge
      bubble={false}
      dot={false}
      overflowCount={99}
      placement="right"
      stroke={false}
      text={99}
    >
      <div
        className="number-cover"
      />
    </Badge>
    <Badge
      bubble={false}
      dot={false}
      overflowCount={99}
      placement="right"
      stroke={false}
      text={111}
    >
      <div
        className="number-cover"
      />
    </Badge>
  </div>
  <h3>
    文字红点
  </h3>
  <div
    className="badge-container"
  >
    <Badge
      bubble={false}
      dot={false}
      overflowCount={99}
      placement="right"
      stroke={false}
      text="新"
    >
      <div
        className="text-cover"
      />
    </Badge>
    <Badge
      bubble={false}
      dot={false}
      overflowCount={99}
      placement="right"
      stroke={false}
      text="NEW"
    >
      <div
        className="text-cover"
      />
    </Badge>
    <Badge
      bubble={false}
      dot={false}
      overflowCount={99}
      placement="right"
      stroke={false}
      text="!"
    >
      <div
        className="text-cover"
      />
    </Badge>
  </div>
  <h3>
    文字气泡
  </h3>
  <div
    className="badge-container"
  >
    <Badge
      bubble={true}
      dot={false}
      overflowCount={99}
      placement="left"
      stroke={false}
      text="新气泡"
    >
      <div
        className="bubble-cover"
      />
    </Badge>
    <Badge
      bubble={true}
      dot={false}
      overflowCount={99}
      placement="right"
      stroke={false}
      text="新气泡"
    >
      <div
        className="bubble-cover"
      />
    </Badge>
    <Badge
      bubble={true}
      dot={false}
      overflowCount={99}
      placement="middle"
      stroke={false}
      text="新气泡"
    >
      <div
        className="bubble-cover"
      />
    </Badge>
  </div>
</div>
`;
