// Jest Snapshot v1, https://goo.gl/fbAQLP

exports[`Switch snapshot 1`] = `
<Switch
  checked={true}
  data-y="111"
  defaultChecked={false}
  disabled={true}
>
  <div
    className="amd-switch"
    data-y="111"
  >
    <ForwardRef(C)
      checked={true}
      disabled={true}
      onChange={[Function]}
      type="checkbox"
    >
      <ErrorBoundary
        onError={[Function]}
      >
        <Labelable
          checked={true}
          disabled={true}
          forwardRef={null}
          onChange={[Function]}
          type="checkbox"
        >
          <label>
            <input
              checked={true}
              disabled={true}
              onChange={[Function]}
              readOnly={true}
              style={
                Object {
                  "border": 0,
                  "display": "block",
                  "height": 0,
                  "margin": 0,
                  "overflow": "hidden",
                  "padding": 0,
                  "width": 0,
                }
              }
              type="checkbox"
            />
            <div
              className="amd-switch-fake amd-switch-fake-disabled amd-switch-fake-checked"
            />
          </label>
        </Labelable>
      </ErrorBoundary>
    </ForwardRef(C)>
  </div>
</Switch>
`;
